nohup: ignoring input
[2026-07-09 15:13:42,794] INFO - Seed: 1949
[2026-07-09 15:13:42,794] INFO - Device: cuda
[2026-07-09 15:13:42,794] INFO - Data root: /ssd_data/lixiang_data/Datasets/Opt-SAR-ReID/Cleaned_SDFNet_Data/Pretrain
[2026-07-09 15:13:42,794] INFO - Manifest: manifests/all_pretrain_pairs.csv
[2026-07-09 15:13:42,794] INFO - Output dir: ./logs/Pretrain_TransOSS_Contrastive/
[2026-07-09 15:13:42,794] INFO - Initial weight: /ssd_data/lixiang_data/SDF-Net/model/vit_base_p16_224.pth
[2026-07-09 15:13:42,963] INFO - Pretrain pairs: 48431 | batches/epoch: 756
/ssd_data/lixiang_data/SDF-Net/pretrain_transoss_contrastive.py:285: FutureWarning: `torch.cuda.amp.GradScaler(args...)` is deprecated. Please use `torch.amp.GradScaler('cuda', args...)` instead.
  scaler = amp.GradScaler(enabled=(device == "cuda"))
using stride: [16, 16], and patch number is num_y16 * num_x8
using stride: [16, 16], and patch number is num_y16 * num_x8
using drop_out rate is : 0.0
using attn_drop_out rate is : 0.0
using drop_path rate is : 0.1
Resizing pos_embed: torch.Size([1, 197, 768]) -> torch.Size([1, 130, 768])
Resized position embedding from size:torch.Size([1, 197, 768]) to size: torch.Size([1, 130, 768]) with height:16 width: 8
Extending pos_embed token after resize
patch_embed_SAR not in the pth
Loaded TransOSS backbone from /ssd_data/lixiang_data/SDF-Net/model/vit_base_p16_224.pth | loaded: 152 | partial: 1 | unexpected: 0 | shape skipped: 0 | missing: 7
  Missing keys (first 20): ['cls_token_spe_rgb', 'cls_token_spe_sar', 'mie_embed', 'fc.weight', 'fc.bias', 'wh_embed.linear_layer.weight', 'wh_embed.linear_layer.bias']
/ssd_data/lixiang_data/SDF-Net/pretrain_transoss_contrastive.py:312: FutureWarning: `torch.cuda.amp.autocast(args...)` is deprecated. Please use `torch.amp.autocast('cuda', args...)` instead.
  with amp.autocast(enabled=(device == "cuda")):
[2026-07-09 15:17:03,059] INFO - Epoch[1/100] loss=0.4381 infonce=0.4357 struct=0.0239 time=197.9s
[2026-07-09 15:20:21,111] INFO - Epoch[2/100] loss=0.1211 infonce=0.1199 struct=0.0112 time=197.8s
[2026-07-09 15:23:39,827] INFO - Epoch[3/100] loss=0.0935 infonce=0.0925 struct=0.0097 time=198.3s
[2026-07-09 15:26:58,984] INFO - Epoch[4/100] loss=0.0840 infonce=0.0832 struct=0.0082 time=198.7s
[2026-07-09 15:30:18,258] INFO - Epoch[5/100] loss=0.0839 infonce=0.0832 struct=0.0076 time=198.8s
[2026-07-09 15:33:38,029] INFO - Epoch[6/100] loss=0.0638 infonce=0.0631 struct=0.0070 time=199.3s
[2026-07-09 15:36:58,230] INFO - Epoch[7/100] loss=0.0585 infonce=0.0579 struct=0.0063 time=199.8s
[2026-07-09 15:40:18,883] INFO - Epoch[8/100] loss=0.0595 infonce=0.0587 struct=0.0078 time=200.2s
[2026-07-09 15:43:39,402] INFO - Epoch[9/100] loss=0.0636 infonce=0.0630 struct=0.0061 time=200.5s
[2026-07-09 15:47:00,005] INFO - Epoch[10/100] loss=0.0499 infonce=0.0493 struct=0.0057 time=200.6s
[2026-07-09 15:50:20,995] INFO - Epoch[11/100] loss=0.0861 infonce=0.0854 struct=0.0068 time=200.3s
[2026-07-09 15:53:41,634] INFO - Epoch[12/100] loss=0.0375 infonce=0.0370 struct=0.0046 time=200.6s
[2026-07-09 15:57:02,752] INFO - Epoch[13/100] loss=0.0445 infonce=0.0440 struct=0.0049 time=200.7s
[2026-07-09 16:00:23,375] INFO - Epoch[14/100] loss=0.0420 infonce=0.0414 struct=0.0051 time=200.6s
[2026-07-09 16:03:43,976] INFO - Epoch[15/100] loss=0.0415 infonce=0.0410 struct=0.0053 time=200.6s
[2026-07-09 16:07:04,285] INFO - Epoch[16/100] loss=0.0452 infonce=0.0447 struct=0.0048 time=200.3s
[2026-07-09 16:10:24,910] INFO - Epoch[17/100] loss=0.0370 infonce=0.0366 struct=0.0040 time=200.6s
[2026-07-09 16:13:46,217] INFO - Epoch[18/100] loss=0.0318 infonce=0.0314 struct=0.0037 time=200.9s
[2026-07-09 16:17:07,586] INFO - Epoch[19/100] loss=0.0383 infonce=0.0380 struct=0.0037 time=200.9s
[2026-07-09 16:20:28,345] INFO - Epoch[20/100] loss=0.0348 infonce=0.0343 struct=0.0044 time=200.8s
[2026-07-09 16:23:49,577] INFO - Epoch[21/100] loss=0.0369 infonce=0.0365 struct=0.0037 time=201.0s
[2026-07-09 16:27:10,607] INFO - Epoch[22/100] loss=0.0416 infonce=0.0413 struct=0.0030 time=201.0s
[2026-07-09 16:30:31,684] INFO - Epoch[23/100] loss=0.0399 infonce=0.0395 struct=0.0036 time=201.1s
[2026-07-09 16:33:52,654] INFO - Epoch[24/100] loss=0.0364 infonce=0.0361 struct=0.0030 time=201.0s
[2026-07-09 16:37:13,560] INFO - Epoch[25/100] loss=0.0212 infonce=0.0209 struct=0.0033 time=200.9s
[2026-07-09 16:40:35,127] INFO - Epoch[26/100] loss=0.0287 infonce=0.0284 struct=0.0035 time=201.1s
[2026-07-09 16:43:56,103] INFO - Epoch[27/100] loss=0.0329 infonce=0.0327 struct=0.0026 time=201.0s
[2026-07-09 16:47:17,224] INFO - Epoch[28/100] loss=0.0292 infonce=0.0289 struct=0.0029 time=201.1s
[2026-07-09 16:50:38,201] INFO - Epoch[29/100] loss=0.0334 infonce=0.0332 struct=0.0028 time=201.0s
[2026-07-09 16:53:57,266] INFO - Epoch[30/100] loss=0.0239 infonce=0.0237 struct=0.0026 time=199.1s
[2026-07-09 16:57:15,918] INFO - Epoch[31/100] loss=0.0284 infonce=0.0281 struct=0.0030 time=198.4s
[2026-07-09 17:00:34,112] INFO - Epoch[32/100] loss=0.0291 infonce=0.0288 struct=0.0031 time=198.2s
[2026-07-09 17:03:53,453] INFO - Epoch[33/100] loss=0.0246 infonce=0.0243 struct=0.0030 time=199.3s
[2026-07-09 17:07:13,576] INFO - Epoch[34/100] loss=0.0276 infonce=0.0273 struct=0.0029 time=200.1s
[2026-07-09 17:10:33,929] INFO - Epoch[35/100] loss=0.0241 infonce=0.0239 struct=0.0023 time=200.4s
[2026-07-09 17:13:54,352] INFO - Epoch[36/100] loss=0.0277 infonce=0.0275 struct=0.0021 time=200.4s
[2026-07-09 17:17:15,092] INFO - Epoch[37/100] loss=0.0259 infonce=0.0257 struct=0.0024 time=200.7s
[2026-07-09 17:20:35,987] INFO - Epoch[38/100] loss=0.0216 infonce=0.0214 struct=0.0023 time=200.9s
[2026-07-09 17:23:56,693] INFO - Epoch[39/100] loss=0.0234 infonce=0.0232 struct=0.0020 time=200.7s
[2026-07-09 17:27:17,487] INFO - Epoch[40/100] loss=0.0251 infonce=0.0248 struct=0.0032 time=200.8s
[2026-07-09 17:30:38,357] INFO - Epoch[41/100] loss=0.0291 infonce=0.0289 struct=0.0029 time=200.6s
[2026-07-09 17:33:59,102] INFO - Epoch[42/100] loss=0.0261 infonce=0.0258 struct=0.0031 time=200.7s
[2026-07-09 17:37:19,957] INFO - Epoch[43/100] loss=0.0230 infonce=0.0228 struct=0.0020 time=200.9s
[2026-07-09 17:40:40,783] INFO - Epoch[44/100] loss=0.0218 infonce=0.0215 struct=0.0024 time=200.8s
[2026-07-09 17:44:01,465] INFO - Epoch[45/100] loss=0.0182 infonce=0.0180 struct=0.0020 time=200.7s
[2026-07-09 17:47:22,609] INFO - Epoch[46/100] loss=0.0222 infonce=0.0220 struct=0.0020 time=200.7s
[2026-07-09 17:50:43,477] INFO - Epoch[47/100] loss=0.0322 infonce=0.0319 struct=0.0028 time=200.9s
[2026-07-09 17:54:04,292] INFO - Epoch[48/100] loss=0.0211 infonce=0.0208 struct=0.0032 time=200.8s
[2026-07-09 17:57:25,063] INFO - Epoch[49/100] loss=0.0205 infonce=0.0203 struct=0.0023 time=200.8s
[2026-07-09 18:00:45,756] INFO - Epoch[50/100] loss=0.0182 infonce=0.0179 struct=0.0026 time=200.7s
[2026-07-09 18:04:06,821] INFO - Epoch[51/100] loss=0.0295 infonce=0.0292 struct=0.0032 time=200.8s
[2026-07-09 18:07:27,677] INFO - Epoch[52/100] loss=0.0349 infonce=0.0345 struct=0.0044 time=200.9s
[2026-07-09 18:10:48,536] INFO - Epoch[53/100] loss=0.0166 infonce=0.0164 struct=0.0021 time=200.9s
[2026-07-09 18:14:09,944] INFO - Epoch[54/100] loss=0.0177 infonce=0.0175 struct=0.0027 time=201.0s
[2026-07-09 18:17:30,798] INFO - Epoch[55/100] loss=0.0225 infonce=0.0222 struct=0.0029 time=200.9s
[2026-07-09 18:20:51,967] INFO - Epoch[56/100] loss=0.0202 infonce=0.0199 struct=0.0033 time=201.2s
[2026-07-09 18:24:12,999] INFO - Epoch[57/100] loss=0.0231 infonce=0.0229 struct=0.0023 time=201.0s
[2026-07-09 18:27:34,053] INFO - Epoch[58/100] loss=0.0196 infonce=0.0194 struct=0.0027 time=201.1s
[2026-07-09 18:30:55,126] INFO - Epoch[59/100] loss=0.0178 infonce=0.0176 struct=0.0018 time=201.1s
[2026-07-09 18:34:16,106] INFO - Epoch[60/100] loss=0.0196 infonce=0.0194 struct=0.0019 time=201.0s
[2026-07-09 18:37:37,449] INFO - Epoch[61/100] loss=0.0289 infonce=0.0286 struct=0.0033 time=201.0s
[2026-07-09 18:40:58,340] INFO - Epoch[62/100] loss=0.0157 infonce=0.0155 struct=0.0022 time=200.9s
[2026-07-09 18:44:19,670] INFO - Epoch[63/100] loss=0.0141 infonce=0.0139 struct=0.0020 time=200.9s
[2026-07-09 18:47:40,825] INFO - Epoch[64/100] loss=0.0406 infonce=0.0404 struct=0.0022 time=200.7s
[2026-07-09 18:51:01,689] INFO - Epoch[65/100] loss=0.0140 infonce=0.0139 struct=0.0014 time=200.9s
[2026-07-09 18:54:22,777] INFO - Epoch[66/100] loss=0.0161 infonce=0.0159 struct=0.0019 time=200.7s
[2026-07-09 18:57:43,462] INFO - Epoch[67/100] loss=0.0287 infonce=0.0283 struct=0.0036 time=200.7s
[2026-07-09 19:01:04,046] INFO - Epoch[68/100] loss=0.0191 infonce=0.0189 struct=0.0023 time=200.6s
[2026-07-09 19:04:24,780] INFO - Epoch[69/100] loss=0.0207 infonce=0.0205 struct=0.0019 time=200.7s
[2026-07-09 19:07:45,377] INFO - Epoch[70/100] loss=0.0140 infonce=0.0139 struct=0.0017 time=200.6s
[2026-07-09 19:11:06,436] INFO - Epoch[71/100] loss=0.0239 infonce=0.0238 struct=0.0019 time=200.8s
[2026-07-09 19:14:26,918] INFO - Epoch[72/100] loss=0.0152 infonce=0.0149 struct=0.0026 time=200.5s
[2026-07-09 19:17:47,547] INFO - Epoch[73/100] loss=0.0238 infonce=0.0236 struct=0.0020 time=200.6s
[2026-07-09 19:21:07,912] INFO - Epoch[74/100] loss=0.0149 infonce=0.0147 struct=0.0019 time=200.4s
[2026-07-09 19:24:28,446] INFO - Epoch[75/100] loss=0.0162 infonce=0.0160 struct=0.0020 time=200.5s
[2026-07-09 19:27:49,156] INFO - Epoch[76/100] loss=0.0166 infonce=0.0164 struct=0.0017 time=200.7s
[2026-07-09 19:31:09,804] INFO - Epoch[77/100] loss=0.0295 infonce=0.0293 struct=0.0020 time=200.6s
[2026-07-09 19:34:30,417] INFO - Epoch[78/100] loss=0.0147 infonce=0.0146 struct=0.0014 time=200.6s
[2026-07-09 19:37:51,260] INFO - Epoch[79/100] loss=0.0164 infonce=0.0161 struct=0.0037 time=200.8s
[2026-07-09 19:41:12,266] INFO - Epoch[80/100] loss=0.0133 infonce=0.0131 struct=0.0015 time=201.0s
[2026-07-09 19:44:33,870] INFO - Epoch[81/100] loss=0.0198 infonce=0.0197 struct=0.0011 time=200.9s
[2026-07-09 19:47:54,730] INFO - Epoch[82/100] loss=0.0163 infonce=0.0162 struct=0.0016 time=200.9s
[2026-07-09 19:51:15,530] INFO - Epoch[83/100] loss=0.0226 infonce=0.0224 struct=0.0017 time=200.8s
[2026-07-09 19:54:36,384] INFO - Epoch[84/100] loss=0.0202 infonce=0.0200 struct=0.0025 time=200.9s
[2026-07-09 19:57:57,201] INFO - Epoch[85/100] loss=0.0247 infonce=0.0245 struct=0.0021 time=200.8s
[2026-07-09 20:01:17,866] INFO - Epoch[86/100] loss=0.0133 infonce=0.0132 struct=0.0014 time=200.7s
[2026-07-09 20:04:38,466] INFO - Epoch[87/100] loss=0.0107 infonce=0.0105 struct=0.0013 time=200.6s
[2026-07-09 20:07:59,363] INFO - Epoch[88/100] loss=0.0220 infonce=0.0218 struct=0.0023 time=200.5s
[2026-07-09 20:11:19,925] INFO - Epoch[89/100] loss=0.0160 infonce=0.0159 struct=0.0015 time=200.6s
[2026-07-09 20:14:40,301] INFO - Epoch[90/100] loss=0.0156 infonce=0.0155 struct=0.0013 time=200.4s
[2026-07-09 20:18:01,310] INFO - Epoch[91/100] loss=0.0241 infonce=0.0238 struct=0.0028 time=200.7s
[2026-07-09 20:21:22,256] INFO - Epoch[92/100] loss=0.0165 infonce=0.0163 struct=0.0025 time=200.9s
[2026-07-09 20:24:42,869] INFO - Epoch[93/100] loss=0.0161 infonce=0.0159 struct=0.0018 time=200.6s
[2026-07-09 20:28:04,994] INFO - Epoch[94/100] loss=0.0201 infonce=0.0199 struct=0.0022 time=202.1s
[2026-07-09 20:31:26,939] INFO - Epoch[95/100] loss=0.0151 infonce=0.0150 struct=0.0018 time=201.9s
[2026-07-09 20:34:49,255] INFO - Epoch[96/100] loss=0.0115 infonce=0.0114 struct=0.0015 time=202.3s
[2026-07-09 20:38:11,831] INFO - Epoch[97/100] loss=0.0159 infonce=0.0157 struct=0.0015 time=202.6s
[2026-07-09 20:41:34,480] INFO - Epoch[98/100] loss=0.0160 infonce=0.0158 struct=0.0014 time=202.6s
[2026-07-09 20:44:57,420] INFO - Epoch[99/100] loss=0.0185 infonce=0.0184 struct=0.0012 time=202.9s
[2026-07-09 20:48:20,279] INFO - Epoch[100/100] loss=0.0160 infonce=0.0159 struct=0.0019 time=202.9s
[2026-07-09 20:48:20,827] INFO - Pretraining finished. Best loss: 0.0107
