nohup: ignoring input
2026-07-09 21:54:31 transreid INFO: Saving model in the path :./logs/SDF-Net_Multi_Paired/
2026-07-09 21:54:31 transreid INFO: Namespace(config_file='configs/SDF-Net_Multi_Paired.yml', opts=['DATASETS.ROOT_DIR', '/ssd_data/lixiang_data/Datasets/Opt-SAR-ReID/Cleaned_SDFNet_Data/MOS-Ship-ReID-SceneID-NoLeak'], local_rank=0)
2026-07-09 21:54:31 transreid INFO: Loaded configuration file configs/SDF-Net_Multi_Paired.yml
2026-07-09 21:54:31 transreid INFO: 
MODEL:
  PRETRAIN_CHOICE: 'imagenet'
  PRETRAIN_PATH: "/ssd_data/lixiang_data/SDF-Net/logs/Pretrain_TransOSS_Contrastive/transoss_contrastive_best.pth"
  METRIC_LOSS_TYPE: 'triplet'
  IF_LABELSMOOTH: 'on'
  IF_WITH_CENTER: 'no'
  ID_LOSS_WEIGHT: 0.1
  TRIPLET_LOSS_WEIGHT: 1.0
  CM_CONTRAST_LOSS_WEIGHT: 1.0
  CM_PROTO_LOSS_WEIGHT: 0.5
  CM_CONTRAST_TEMP: 0.07
  NAME: 'transformer'
  NO_MARGIN: True
  DEVICE_ID: ('0')
  TRANSFORMER_TYPE: 'vit_base_patch16_224_TransOSS'
  STRIDE_SIZE: [16, 16]
  MIE: True
  MIE_COE: 3.0
  SSE: True
  PAIR: False
  DISENTANGLE: True
  ABLATION_MODE: "sum"
  ORTH_LOSS_WEIGHT: 5.0
  STRUCT_LOSS_WEIGHT: 1.0
  STRUCT_LAYER_INDEX: 6

INPUT:
  SIZE_TRAIN: [256, 128]
  SIZE_TEST: [256, 128]
  PROB: 0.5
  RE_PROB: 0.2
  PADDING: 10
  PIXEL_MEAN: [0.485, 0.456, 0.406]
  PIXEL_STD: [0.229, 0.224, 0.225]

DATASETS:
  NAMES: ('Merged')
  ROOT_DIR: ('/ssd_data/lixiang_data/Datasets/Opt-SAR-ReID/Cleaned_SDFNet_Data/Merged')
  TRAIN_PAIR_ONLY: True

DATALOADER:
  SAMPLER: 'softmax_triplet'
  CROSS_MODAL_SAMPLER: True
  NUM_INSTANCE: 2
  NUM_WORKERS: 8

SOLVER:
  OPTIMIZER_NAME: 'SGD'
  MAX_EPOCHS: 120
  BASE_LR: 0.0003
  IMS_PER_BATCH: 64
  WARMUP_METHOD: 'linear'
  LARGE_FC_LR: False
  CHECKPOINT_PERIOD: 10
  LOG_PERIOD: 50
  EVAL_PERIOD: 5
  WEIGHT_DECAY:  1e-4
  WEIGHT_DECAY_BIAS: 1e-4
  BIAS_LR_FACTOR: 2

TEST:
  EVAL: True
  IMS_PER_BATCH: 1
  RE_RANKING: False
  WEIGHT: "/ssd_data/lixiang_data/SDF-Net/logs/SDF-Net_Multi_Paired/best.pth"
  NECK_FEAT: 'before'
  FEAT_NORM: 'yes'

OUTPUT_DIR: "./logs/SDF-Net_Multi_Paired/"

2026-07-09 21:54:31 transreid INFO: Running with config:
DATALOADER:
  CROSS_MODAL_SAMPLER: True
  NUM_INSTANCE: 2
  NUM_WORKERS: 8
  SAMPLER: softmax_triplet
DATASETS:
  MAX_PAIR_PER_ID: 0
  NAMES: Merged
  PAIR_STRATEGY: cartesian
  ROOT_DIR: /ssd_data/lixiang_data/Datasets/Opt-SAR-ReID/Cleaned_SDFNet_Data/MOS-Ship-ReID-SceneID-NoLeak
  TRAIN_PAIR_ONLY: True
INPUT:
  PADDING: 10
  PIXEL_MEAN: [0.485, 0.456, 0.406]
  PIXEL_STD: [0.229, 0.224, 0.225]
  PROB: 0.5
  RE_PROB: 0.2
  SIZE_TEST: [256, 128]
  SIZE_TRAIN: [256, 128]
MODEL:
  ABLATION_MODE: sum
  ATT_DROP_RATE: 0.0
  CM_CONTRAST_LOSS_WEIGHT: 1.0
  CM_CONTRAST_TEMP: 0.07
  CM_PROTO_LOSS_WEIGHT: 0.5
  COS_LAYER: False
  DEVICE: cuda
  DEVICE_ID: 0
  DISENTANGLE: True
  DIST_TRAIN: False
  DROP_OUT: 0.0
  DROP_PATH: 0.1
  ID_LOSS_TYPE: softmax
  ID_LOSS_WEIGHT: 0.1
  IF_LABELSMOOTH: on
  IF_WITH_CENTER: no
  LAST_STRIDE: 1
  METRIC_LOSS_TYPE: triplet
  MIE: True
  MIE_COE: 3.0
  NAME: transformer
  NECK: bnneck
  NO_MARGIN: True
  ORTH_LOSS_WEIGHT: 5.0
  PAIR: False
  PRETRAIN_CHOICE: imagenet
  PRETRAIN_PATH: /ssd_data/lixiang_data/SDF-Net/logs/Pretrain_TransOSS_Contrastive/transoss_contrastive_best.pth
  SSE: True
  STRIDE_SIZE: [16, 16]
  STRUCT_LAYER_INDEX: 6
  STRUCT_LOSS_WEIGHT: 1.0
  TRANSFORMER_TYPE: vit_base_patch16_224_TransOSS
  TRIPLET_LOSS_WEIGHT: 1.0
OUTPUT_DIR: ./logs/SDF-Net_Multi_Paired/
SOLVER:
  BASE_LR: 0.0003
  BIAS_LR_FACTOR: 2
  CENTER_LOSS_WEIGHT: 0.0005
  CENTER_LR: 0.5
  CHECKPOINT_PERIOD: 10
  COSINE_MARGIN: 0.5
  COSINE_SCALE: 30
  EVAL_PERIOD: 5
  GAMMA: 0.1
  IMS_PER_BATCH: 64
  LARGE_FC_LR: False
  LOG_PERIOD: 50
  MARGIN: 0.3
  MAX_EPOCHS: 120
  MOMENTUM: 0.9
  OPTIMIZER_NAME: SGD
  SEED: 1949
  STEPS: (40, 70)
  WARMUP_EPOCHS: 5
  WARMUP_FACTOR: 0.01
  WARMUP_METHOD: linear
  WEIGHT_DECAY: 0.0001
  WEIGHT_DECAY_BIAS: 0.0001
TEST:
  DIST_MAT: dist_mat.npy
  EVAL: True
  FEAT_NORM: yes
  IMS_PER_BATCH: 1
  NECK_FEAT: before
  RE_RANKING: False
  WEIGHT: /ssd_data/lixiang_data/SDF-Net/logs/SDF-Net_Multi_Paired/best.pth
=> Merged Dataset loaded
Dataset statistics:
  ----------------------------------------
  subset   | # ids | # images | # cameras
  ----------------------------------------
  train    |   110 |      567 |         2
  query    |   104 |      432 |         1
  gallery  |   104 |      433 |         1
  ----------------------------------------
Number of RGB-SAR pair: 844
  ----------------------------------------
using cross-modal identity sampler
Current Ablation Mode: sum
using Transformer_type: vit_base_patch16_224_TransOSS as a backbone
using stride: [16, 16], and patch number is num_y16 * num_x8
using stride: [16, 16], and patch number is num_y16 * num_x8
using drop_out rate is : 0.0
using attn_drop_out rate is : 0.0
using drop_path rate is : 0.1
Loaded TransOSS backbone from /ssd_data/lixiang_data/SDF-Net/logs/Pretrain_TransOSS_Contrastive/transoss_contrastive_best.pth | loaded: 159 | partial: 0 | unexpected: 0 | shape skipped: 0 | missing: 0
Loading pretrained model from /ssd_data/lixiang_data/SDF-Net/logs/Pretrain_TransOSS_Contrastive/transoss_contrastive_best.pth
===========building transformer===========
using soft triplet loss for training
2026-07-09 21:54:32 transreid.train INFO: start training
/ssd_data/lixiang_data/SDF-Net/processor/processor.py:135: FutureWarning: `torch.cuda.amp.GradScaler(args...)` is deprecated. Please use `torch.amp.GradScaler('cuda', args...)` instead.
  scaler = amp.GradScaler()
/ssd_data/lixiang_data/SDF-Net/processor/processor.py:177: FutureWarning: `torch.cuda.amp.autocast(args...)` is deprecated. Please use `torch.amp.autocast('cuda', args...)` instead.
  with amp.autocast(enabled=True):
2026-07-09 21:54:34 transreid.train INFO: Epoch[1] done. Loss: 22.663 (Base: 17.643, ID: 4.700, Tri: 9.421, CMCon: 7.450, CMProto: 0.603, Orth: 4.996, Struct: 0.025), Acc: 0.586%, Lr: 6.24e-05
2026-07-09 21:54:36 transreid.train INFO: Epoch[2] done. Loss: 17.998 (Base: 12.982, ID: 4.700, Tri: 6.839, CMCon: 5.443, CMProto: 0.461, Orth: 4.995, Struct: 0.021), Acc: 0.977%, Lr: 1.22e-04
2026-07-09 21:54:38 transreid.train INFO: Epoch[3] done. Loss: 13.943 (Base: 8.919, ID: 4.697, Tri: 4.356, CMCon: 3.927, CMProto: 0.332, Orth: 4.996, Struct: 0.029), Acc: 1.367%, Lr: 1.81e-04
2026-07-09 21:54:40 transreid.train INFO: Epoch[4] done. Loss: 13.763 (Base: 8.751, ID: 4.694, Tri: 4.304, CMCon: 3.825, CMProto: 0.306, Orth: 4.997, Struct: 0.015), Acc: 1.367%, Lr: 2.41e-04
2026-07-09 21:54:41 transreid.train INFO: Epoch[5] done. Loss: 12.867 (Base: 7.854, ID: 4.688, Tri: 3.700, CMCon: 3.556, CMProto: 0.258, Orth: 4.997, Struct: 0.016), Acc: 3.125%, Lr: 2.99e-04
The test feature is normalized
=> Computing DistMat with euclidean_distance
2026-07-09 21:54:47 transreid.train INFO: Validation Results - Epoch: 5
2026-07-09 21:54:47 transreid.train INFO: mAP: 11.0%
2026-07-09 21:54:47 transreid.train INFO: CMC curve, Rank-1  : 13.0%
2026-07-09 21:54:47 transreid.train INFO: CMC curve, Rank-5  : 35.4%
2026-07-09 21:54:47 transreid.train INFO: CMC curve, Rank-10 : 53.9%
2026-07-09 21:54:47 transreid.train INFO: Update Best mAP: 11.0% at Epoch 5
2026-07-09 21:54:47 transreid.train INFO: Save Best Weights to: ./logs/SDF-Net_Multi_Paired/best.pth
2026-07-09 21:54:49 transreid.train INFO: Epoch[6] done. Loss: 11.903 (Base: 6.896, ID: 4.680, Tri: 3.032, CMCon: 3.289, CMProto: 0.214, Orth: 4.998, Struct: 0.009), Acc: 4.102%, Lr: 2.98e-04
2026-07-09 21:54:51 transreid.train INFO: Epoch[7] done. Loss: 11.600 (Base: 6.587, ID: 4.674, Tri: 2.794, CMCon: 3.231, CMProto: 0.190, Orth: 4.998, Struct: 0.015), Acc: 6.445%, Lr: 2.97e-04
2026-07-09 21:54:53 transreid.train INFO: Epoch[8] done. Loss: 11.633 (Base: 6.618, ID: 4.668, Tri: 2.825, CMCon: 3.235, CMProto: 0.182, Orth: 4.998, Struct: 0.016), Acc: 9.570%, Lr: 2.97e-04
2026-07-09 21:54:55 transreid.train INFO: Epoch[9] done. Loss: 11.313 (Base: 6.304, ID: 4.659, Tri: 2.590, CMCon: 3.165, CMProto: 0.166, Orth: 4.998, Struct: 0.011), Acc: 11.328%, Lr: 2.96e-04
2026-07-09 21:54:57 transreid.train INFO: Epoch[10] done. Loss: 11.389 (Base: 6.379, ID: 4.653, Tri: 2.633, CMCon: 3.203, CMProto: 0.156, Orth: 4.998, Struct: 0.012), Acc: 9.766%, Lr: 2.95e-04
The test feature is normalized
=> Computing DistMat with euclidean_distance
2026-07-09 21:55:03 transreid.train INFO: Validation Results - Epoch: 10
2026-07-09 21:55:03 transreid.train INFO: mAP: 12.1%
2026-07-09 21:55:03 transreid.train INFO: CMC curve, Rank-1  : 17.1%
2026-07-09 21:55:03 transreid.train INFO: CMC curve, Rank-5  : 40.5%
2026-07-09 21:55:03 transreid.train INFO: CMC curve, Rank-10 : 56.5%
2026-07-09 21:55:03 transreid.train INFO: Update Best mAP: 12.1% at Epoch 10
2026-07-09 21:55:03 transreid.train INFO: Save Best Weights to: ./logs/SDF-Net_Multi_Paired/best.pth
2026-07-09 21:55:05 transreid.train INFO: Epoch[11] done. Loss: 11.167 (Base: 6.157, ID: 4.647, Tri: 2.438, CMCon: 3.181, CMProto: 0.145, Orth: 4.998, Struct: 0.012), Acc: 11.914%, Lr: 2.94e-04
2026-07-09 21:55:07 transreid.train INFO: Epoch[12] done. Loss: 10.994 (Base: 5.984, ID: 4.638, Tri: 2.338, CMCon: 3.113, CMProto: 0.137, Orth: 4.998, Struct: 0.012), Acc: 15.430%, Lr: 2.93e-04
2026-07-09 21:55:09 transreid.train INFO: Epoch[13] done. Loss: 10.949 (Base: 5.944, ID: 4.631, Tri: 2.260, CMCon: 3.154, CMProto: 0.134, Orth: 4.999, Struct: 0.006), Acc: 15.820%, Lr: 2.91e-04
2026-07-09 21:55:11 transreid.train INFO: Epoch[14] done. Loss: 11.300 (Base: 6.296, ID: 4.629, Tri: 2.491, CMCon: 3.275, CMProto: 0.136, Orth: 4.999, Struct: 0.005), Acc: 13.867%, Lr: 2.90e-04
2026-07-09 21:55:13 transreid.train INFO: Epoch[15] done. Loss: 10.892 (Base: 5.886, ID: 4.619, Tri: 2.201, CMCon: 3.161, CMProto: 0.125, Orth: 4.999, Struct: 0.008), Acc: 15.625%, Lr: 2.89e-04
The test feature is normalized
=> Computing DistMat with euclidean_distance
2026-07-09 21:55:18 transreid.train INFO: Validation Results - Epoch: 15
2026-07-09 21:55:18 transreid.train INFO: mAP: 12.3%
2026-07-09 21:55:18 transreid.train INFO: CMC curve, Rank-1  : 16.4%
2026-07-09 21:55:18 transreid.train INFO: CMC curve, Rank-5  : 41.9%
2026-07-09 21:55:18 transreid.train INFO: CMC curve, Rank-10 : 56.2%
2026-07-09 21:55:19 transreid.train INFO: Update Best mAP: 12.3% at Epoch 15
2026-07-09 21:55:19 transreid.train INFO: Save Best Weights to: ./logs/SDF-Net_Multi_Paired/best.pth
2026-07-09 21:55:21 transreid.train INFO: Epoch[16] done. Loss: 10.754 (Base: 5.749, ID: 4.612, Tri: 2.074, CMCon: 3.155, CMProto: 0.116, Orth: 4.999, Struct: 0.007), Acc: 17.578%, Lr: 2.87e-04
2026-07-09 21:55:23 transreid.train INFO: Epoch[17] done. Loss: 10.794 (Base: 5.789, ID: 4.604, Tri: 2.115, CMCon: 3.157, CMProto: 0.114, Orth: 4.999, Struct: 0.006), Acc: 18.555%, Lr: 2.85e-04
2026-07-09 21:55:25 transreid.train INFO: Epoch[18] done. Loss: 10.782 (Base: 5.777, ID: 4.598, Tri: 2.103, CMCon: 3.159, CMProto: 0.112, Orth: 4.999, Struct: 0.006), Acc: 16.602%, Lr: 2.84e-04
2026-07-09 21:55:26 transreid.train INFO: Epoch[19] done. Loss: 10.910 (Base: 5.904, ID: 4.592, Tri: 2.165, CMCon: 3.223, CMProto: 0.115, Orth: 4.999, Struct: 0.007), Acc: 19.531%, Lr: 2.82e-04
2026-07-09 21:55:28 transreid.train INFO: Epoch[20] done. Loss: 10.716 (Base: 5.710, ID: 4.587, Tri: 2.037, CMCon: 3.160, CMProto: 0.108, Orth: 4.999, Struct: 0.007), Acc: 16.406%, Lr: 2.80e-04
The test feature is normalized
=> Computing DistMat with euclidean_distance
2026-07-09 21:55:34 transreid.train INFO: Validation Results - Epoch: 20
2026-07-09 21:55:34 transreid.train INFO: mAP: 11.7%
2026-07-09 21:55:34 transreid.train INFO: CMC curve, Rank-1  : 15.3%
2026-07-09 21:55:34 transreid.train INFO: CMC curve, Rank-5  : 41.7%
2026-07-09 21:55:34 transreid.train INFO: CMC curve, Rank-10 : 55.6%
2026-07-09 21:55:36 transreid.train INFO: Epoch[21] done. Loss: 10.589 (Base: 5.585, ID: 4.577, Tri: 1.953, CMCon: 3.123, CMProto: 0.103, Orth: 4.999, Struct: 0.006), Acc: 19.336%, Lr: 2.78e-04
2026-07-09 21:55:38 transreid.train INFO: Epoch[22] done. Loss: 10.577 (Base: 5.574, ID: 4.572, Tri: 1.925, CMCon: 3.143, CMProto: 0.098, Orth: 4.999, Struct: 0.004), Acc: 20.703%, Lr: 2.76e-04
2026-07-09 21:55:40 transreid.train INFO: Epoch[23] done. Loss: 10.501 (Base: 5.498, ID: 4.564, Tri: 1.860, CMCon: 3.131, CMProto: 0.099, Orth: 4.999, Struct: 0.004), Acc: 19.336%, Lr: 2.74e-04
2026-07-09 21:55:42 transreid.train INFO: Epoch[24] done. Loss: 10.540 (Base: 5.536, ID: 4.558, Tri: 1.888, CMCon: 3.142, CMProto: 0.100, Orth: 4.999, Struct: 0.006), Acc: 22.266%, Lr: 2.71e-04
2026-07-09 21:55:44 transreid.train INFO: Epoch[25] done. Loss: 10.530 (Base: 5.528, ID: 4.554, Tri: 1.880, CMCon: 3.142, CMProto: 0.100, Orth: 4.999, Struct: 0.003), Acc: 17.383%, Lr: 2.69e-04
The test feature is normalized
=> Computing DistMat with euclidean_distance
2026-07-09 21:55:49 transreid.train INFO: Validation Results - Epoch: 25
2026-07-09 21:55:49 transreid.train INFO: mAP: 11.9%
2026-07-09 21:55:49 transreid.train INFO: CMC curve, Rank-1  : 16.2%
2026-07-09 21:55:49 transreid.train INFO: CMC curve, Rank-5  : 42.4%
2026-07-09 21:55:49 transreid.train INFO: CMC curve, Rank-10 : 56.2%
2026-07-09 21:55:51 transreid.train INFO: Epoch[26] done. Loss: 10.635 (Base: 5.632, ID: 4.544, Tri: 1.961, CMCon: 3.166, CMProto: 0.102, Orth: 4.999, Struct: 0.004), Acc: 20.703%, Lr: 2.67e-04
2026-07-09 21:55:53 transreid.train INFO: Epoch[27] done. Loss: 10.484 (Base: 5.484, ID: 4.540, Tri: 1.854, CMCon: 3.127, CMProto: 0.096, Orth: 4.999, Struct: 0.002), Acc: 24.023%, Lr: 2.64e-04
2026-07-09 21:55:55 transreid.train INFO: Epoch[28] done. Loss: 10.552 (Base: 5.551, ID: 4.535, Tri: 1.903, CMCon: 3.144, CMProto: 0.100, Orth: 4.999, Struct: 0.003), Acc: 18.359%, Lr: 2.62e-04
2026-07-09 21:55:57 transreid.train INFO: Epoch[29] done. Loss: 10.435 (Base: 5.434, ID: 4.523, Tri: 1.828, CMCon: 3.108, CMProto: 0.092, Orth: 4.999, Struct: 0.003), Acc: 21.680%, Lr: 2.59e-04
2026-07-09 21:55:59 transreid.train INFO: Epoch[30] done. Loss: 10.416 (Base: 5.414, ID: 4.521, Tri: 1.802, CMCon: 3.113, CMProto: 0.094, Orth: 4.999, Struct: 0.003), Acc: 17.773%, Lr: 2.56e-04
The test feature is normalized
=> Computing DistMat with euclidean_distance
2026-07-09 21:56:05 transreid.train INFO: Validation Results - Epoch: 30
2026-07-09 21:56:05 transreid.train INFO: mAP: 11.6%
2026-07-09 21:56:05 transreid.train INFO: CMC curve, Rank-1  : 14.6%
2026-07-09 21:56:05 transreid.train INFO: CMC curve, Rank-5  : 41.4%
2026-07-09 21:56:05 transreid.train INFO: CMC curve, Rank-10 : 57.4%
2026-07-09 21:56:07 transreid.train INFO: Epoch[31] done. Loss: 10.336 (Base: 5.335, ID: 4.514, Tri: 1.746, CMCon: 3.091, CMProto: 0.093, Orth: 4.999, Struct: 0.003), Acc: 20.117%, Lr: 2.53e-04
2026-07-09 21:56:09 transreid.train INFO: Epoch[32] done. Loss: 10.525 (Base: 5.523, ID: 4.508, Tri: 1.892, CMCon: 3.133, CMProto: 0.096, Orth: 4.999, Struct: 0.002), Acc: 21.289%, Lr: 2.50e-04
2026-07-09 21:56:11 transreid.train INFO: Epoch[33] done. Loss: 10.514 (Base: 5.513, ID: 4.502, Tri: 1.860, CMCon: 3.154, CMProto: 0.097, Orth: 4.999, Struct: 0.002), Acc: 21.680%, Lr: 2.48e-04
2026-07-09 21:56:12 transreid.train INFO: Epoch[34] done. Loss: 10.366 (Base: 5.365, ID: 4.492, Tri: 1.778, CMCon: 3.091, CMProto: 0.092, Orth: 4.999, Struct: 0.003), Acc: 23.438%, Lr: 2.45e-04
2026-07-09 21:56:14 transreid.train INFO: Epoch[35] done. Loss: 10.271 (Base: 5.269, ID: 4.486, Tri: 1.707, CMCon: 3.070, CMProto: 0.088, Orth: 4.999, Struct: 0.003), Acc: 23.828%, Lr: 2.41e-04
The test feature is normalized
=> Computing DistMat with euclidean_distance
2026-07-09 21:56:20 transreid.train INFO: Validation Results - Epoch: 35
2026-07-09 21:56:20 transreid.train INFO: mAP: 11.8%
2026-07-09 21:56:20 transreid.train INFO: CMC curve, Rank-1  : 15.7%
2026-07-09 21:56:20 transreid.train INFO: CMC curve, Rank-5  : 42.1%
2026-07-09 21:56:20 transreid.train INFO: CMC curve, Rank-10 : 56.5%
2026-07-09 21:56:22 transreid.train INFO: Epoch[36] done. Loss: 10.322 (Base: 5.318, ID: 4.481, Tri: 1.751, CMCon: 3.073, CMProto: 0.092, Orth: 4.999, Struct: 0.005), Acc: 24.023%, Lr: 2.38e-04
2026-07-09 21:56:24 transreid.train INFO: Epoch[37] done. Loss: 10.254 (Base: 5.252, ID: 4.476, Tri: 1.697, CMCon: 3.062, CMProto: 0.089, Orth: 4.999, Struct: 0.003), Acc: 22.266%, Lr: 2.35e-04
2026-07-09 21:56:26 transreid.train INFO: Epoch[38] done. Loss: 10.278 (Base: 5.276, ID: 4.473, Tri: 1.715, CMCon: 3.068, CMProto: 0.092, Orth: 4.999, Struct: 0.002), Acc: 23.438%, Lr: 2.32e-04
2026-07-09 21:56:28 transreid.train INFO: Epoch[39] done. Loss: 10.268 (Base: 5.267, ID: 4.473, Tri: 1.685, CMCon: 3.090, CMProto: 0.090, Orth: 4.999, Struct: 0.003), Acc: 21.680%, Lr: 2.29e-04
2026-07-09 21:56:29 transreid.train INFO: Epoch[40] done. Loss: 10.274 (Base: 5.273, ID: 4.461, Tri: 1.708, CMCon: 3.072, CMProto: 0.093, Orth: 4.999, Struct: 0.003), Acc: 22.266%, Lr: 2.25e-04
The test feature is normalized
=> Computing DistMat with euclidean_distance
2026-07-09 21:56:35 transreid.train INFO: Validation Results - Epoch: 40
2026-07-09 21:56:35 transreid.train INFO: mAP: 12.0%
2026-07-09 21:56:35 transreid.train INFO: CMC curve, Rank-1  : 17.4%
2026-07-09 21:56:35 transreid.train INFO: CMC curve, Rank-5  : 42.6%
2026-07-09 21:56:35 transreid.train INFO: CMC curve, Rank-10 : 56.2%
2026-07-09 21:56:37 transreid.train INFO: Epoch[41] done. Loss: 10.142 (Base: 5.141, ID: 4.452, Tri: 1.617, CMCon: 3.036, CMProto: 0.086, Orth: 4.999, Struct: 0.002), Acc: 25.977%, Lr: 2.22e-04
2026-07-09 21:56:39 transreid.train INFO: Epoch[42] done. Loss: 10.222 (Base: 5.218, ID: 4.449, Tri: 1.693, CMCon: 3.035, CMProto: 0.091, Orth: 4.999, Struct: 0.005), Acc: 22.461%, Lr: 2.18e-04
2026-07-09 21:56:41 transreid.train INFO: Epoch[43] done. Loss: 10.241 (Base: 5.239, ID: 4.445, Tri: 1.739, CMCon: 3.011, CMProto: 0.091, Orth: 4.999, Struct: 0.002), Acc: 22.852%, Lr: 2.15e-04
2026-07-09 21:56:43 transreid.train INFO: Epoch[44] done. Loss: 10.271 (Base: 5.265, ID: 4.445, Tri: 1.723, CMCon: 3.053, CMProto: 0.089, Orth: 4.999, Struct: 0.007), Acc: 22.461%, Lr: 2.11e-04
2026-07-09 21:56:45 transreid.train INFO: Epoch[45] done. Loss: 10.231 (Base: 5.228, ID: 4.436, Tri: 1.684, CMCon: 3.055, CMProto: 0.092, Orth: 4.999, Struct: 0.004), Acc: 24.219%, Lr: 2.08e-04
The test feature is normalized
=> Computing DistMat with euclidean_distance
2026-07-09 21:56:50 transreid.train INFO: Validation Results - Epoch: 45
2026-07-09 21:56:50 transreid.train INFO: mAP: 12.1%
2026-07-09 21:56:50 transreid.train INFO: CMC curve, Rank-1  : 16.9%
2026-07-09 21:56:50 transreid.train INFO: CMC curve, Rank-5  : 43.1%
2026-07-09 21:56:50 transreid.train INFO: CMC curve, Rank-10 : 56.9%
2026-07-09 21:56:52 transreid.train INFO: Epoch[46] done. Loss: 10.328 (Base: 5.326, ID: 4.429, Tri: 1.764, CMCon: 3.074, CMProto: 0.091, Orth: 4.999, Struct: 0.002), Acc: 23.633%, Lr: 2.04e-04
2026-07-09 21:56:54 transreid.train INFO: Epoch[47] done. Loss: 10.225 (Base: 5.224, ID: 4.424, Tri: 1.697, CMCon: 3.039, CMProto: 0.091, Orth: 4.999, Struct: 0.003), Acc: 25.391%, Lr: 2.00e-04
2026-07-09 21:56:56 transreid.train INFO: Epoch[48] done. Loss: 10.250 (Base: 5.249, ID: 4.423, Tri: 1.707, CMCon: 3.054, CMProto: 0.090, Orth: 4.999, Struct: 0.002), Acc: 21.680%, Lr: 1.97e-04
2026-07-09 21:56:58 transreid.train INFO: Epoch[49] done. Loss: 10.239 (Base: 5.237, ID: 4.420, Tri: 1.703, CMCon: 3.046, CMProto: 0.092, Orth: 4.999, Struct: 0.003), Acc: 22.266%, Lr: 1.93e-04
2026-07-09 21:57:00 transreid.train INFO: Epoch[50] done. Loss: 10.038 (Base: 5.037, ID: 4.412, Tri: 1.579, CMCon: 2.972, CMProto: 0.090, Orth: 4.999, Struct: 0.002), Acc: 23.242%, Lr: 1.89e-04
The test feature is normalized
=> Computing DistMat with euclidean_distance
2026-07-09 21:57:06 transreid.train INFO: Validation Results - Epoch: 50
2026-07-09 21:57:06 transreid.train INFO: mAP: 12.2%
2026-07-09 21:57:06 transreid.train INFO: CMC curve, Rank-1  : 16.7%
2026-07-09 21:57:06 transreid.train INFO: CMC curve, Rank-5  : 43.8%
2026-07-09 21:57:06 transreid.train INFO: CMC curve, Rank-10 : 58.6%
2026-07-09 21:57:08 transreid.train INFO: Epoch[51] done. Loss: 10.223 (Base: 5.221, ID: 4.410, Tri: 1.689, CMCon: 3.047, CMProto: 0.088, Orth: 4.999, Struct: 0.003), Acc: 23.242%, Lr: 1.85e-04
2026-07-09 21:57:10 transreid.train INFO: Epoch[52] done. Loss: 10.134 (Base: 5.133, ID: 4.404, Tri: 1.625, CMCon: 3.023, CMProto: 0.089, Orth: 4.999, Struct: 0.003), Acc: 23.242%, Lr: 1.81e-04
2026-07-09 21:57:12 transreid.train INFO: Epoch[53] done. Loss: 10.073 (Base: 5.070, ID: 4.405, Tri: 1.588, CMCon: 2.999, CMProto: 0.086, Orth: 4.999, Struct: 0.004), Acc: 21.875%, Lr: 1.78e-04
2026-07-09 21:57:13 transreid.train INFO: Epoch[54] done. Loss: 10.135 (Base: 5.135, ID: 4.402, Tri: 1.644, CMCon: 3.006, CMProto: 0.089, Orth: 4.999, Struct: 0.001), Acc: 23.047%, Lr: 1.74e-04
2026-07-09 21:57:15 transreid.train INFO: Epoch[55] done. Loss: 10.002 (Base: 4.998, ID: 4.387, Tri: 1.568, CMCon: 2.948, CMProto: 0.086, Orth: 4.999, Struct: 0.005), Acc: 24.609%, Lr: 1.70e-04
The test feature is normalized
=> Computing DistMat with euclidean_distance
2026-07-09 21:57:21 transreid.train INFO: Validation Results - Epoch: 55
2026-07-09 21:57:21 transreid.train INFO: mAP: 12.0%
2026-07-09 21:57:21 transreid.train INFO: CMC curve, Rank-1  : 16.9%
2026-07-09 21:57:21 transreid.train INFO: CMC curve, Rank-5  : 44.0%
2026-07-09 21:57:21 transreid.train INFO: CMC curve, Rank-10 : 57.6%
2026-07-09 21:57:23 transreid.train INFO: Epoch[56] done. Loss: 10.191 (Base: 5.188, ID: 4.386, Tri: 1.702, CMCon: 3.002, CMProto: 0.091, Orth: 4.999, Struct: 0.004), Acc: 23.828%, Lr: 1.66e-04
2026-07-09 21:57:25 transreid.train INFO: Epoch[57] done. Loss: 10.137 (Base: 5.135, ID: 4.382, Tri: 1.661, CMCon: 2.992, CMProto: 0.088, Orth: 4.999, Struct: 0.003), Acc: 23.828%, Lr: 1.62e-04
2026-07-09 21:57:27 transreid.train INFO: Epoch[58] done. Loss: 9.959 (Base: 4.957, ID: 4.381, Tri: 1.527, CMCon: 2.949, CMProto: 0.087, Orth: 4.999, Struct: 0.003), Acc: 25.391%, Lr: 1.58e-04
2026-07-09 21:57:29 transreid.train INFO: Epoch[59] done. Loss: 10.185 (Base: 5.183, ID: 4.378, Tri: 1.666, CMCon: 3.033, CMProto: 0.092, Orth: 4.999, Struct: 0.004), Acc: 22.266%, Lr: 1.54e-04
2026-07-09 21:57:30 transreid.train INFO: Epoch[60] done. Loss: 10.111 (Base: 5.109, ID: 4.381, Tri: 1.607, CMCon: 3.018, CMProto: 0.090, Orth: 4.999, Struct: 0.003), Acc: 24.023%, Lr: 1.50e-04
The test feature is normalized
=> Computing DistMat with euclidean_distance
2026-07-09 21:57:36 transreid.train INFO: Validation Results - Epoch: 60
2026-07-09 21:57:36 transreid.train INFO: mAP: 12.1%
2026-07-09 21:57:36 transreid.train INFO: CMC curve, Rank-1  : 17.1%
2026-07-09 21:57:36 transreid.train INFO: CMC curve, Rank-5  : 44.4%
2026-07-09 21:57:36 transreid.train INFO: CMC curve, Rank-10 : 59.3%
2026-07-09 21:57:38 transreid.train INFO: Epoch[61] done. Loss: 10.090 (Base: 5.089, ID: 4.369, Tri: 1.635, CMCon: 2.973, CMProto: 0.088, Orth: 4.999, Struct: 0.002), Acc: 24.023%, Lr: 1.46e-04
2026-07-09 21:57:40 transreid.train INFO: Epoch[62] done. Loss: 10.090 (Base: 5.088, ID: 4.367, Tri: 1.637, CMCon: 2.970, CMProto: 0.090, Orth: 4.999, Struct: 0.003), Acc: 23.242%, Lr: 1.42e-04
2026-07-09 21:57:42 transreid.train INFO: Epoch[63] done. Loss: 10.153 (Base: 5.153, ID: 4.365, Tri: 1.665, CMCon: 3.005, CMProto: 0.092, Orth: 4.999, Struct: 0.002), Acc: 24.219%, Lr: 1.39e-04
2026-07-09 21:57:44 transreid.train INFO: Epoch[64] done. Loss: 10.075 (Base: 5.073, ID: 4.368, Tri: 1.623, CMCon: 2.968, CMProto: 0.090, Orth: 4.999, Struct: 0.003), Acc: 23.047%, Lr: 1.35e-04
2026-07-09 21:57:46 transreid.train INFO: Epoch[65] done. Loss: 10.038 (Base: 5.037, ID: 4.357, Tri: 1.593, CMCon: 2.963, CMProto: 0.091, Orth: 4.999, Struct: 0.002), Acc: 24.219%, Lr: 1.31e-04
The test feature is normalized
=> Computing DistMat with euclidean_distance
2026-07-09 21:57:51 transreid.train INFO: Validation Results - Epoch: 65
2026-07-09 21:57:51 transreid.train INFO: mAP: 12.0%
2026-07-09 21:57:51 transreid.train INFO: CMC curve, Rank-1  : 17.1%
2026-07-09 21:57:51 transreid.train INFO: CMC curve, Rank-5  : 43.1%
2026-07-09 21:57:51 transreid.train INFO: CMC curve, Rank-10 : 58.3%
2026-07-09 21:57:53 transreid.train INFO: Epoch[66] done. Loss: 10.072 (Base: 5.072, ID: 4.355, Tri: 1.621, CMCon: 2.969, CMProto: 0.092, Orth: 4.999, Struct: 0.002), Acc: 22.656%, Lr: 1.27e-04
2026-07-09 21:57:55 transreid.train INFO: Epoch[67] done. Loss: 9.991 (Base: 4.990, ID: 4.348, Tri: 1.589, CMCon: 2.922, CMProto: 0.089, Orth: 4.999, Struct: 0.002), Acc: 23.828%, Lr: 1.23e-04
2026-07-09 21:57:57 transreid.train INFO: Epoch[68] done. Loss: 9.970 (Base: 4.968, ID: 4.350, Tri: 1.558, CMCon: 2.931, CMProto: 0.090, Orth: 4.999, Struct: 0.003), Acc: 25.781%, Lr: 1.19e-04
2026-07-09 21:57:59 transreid.train INFO: Epoch[69] done. Loss: 10.054 (Base: 5.054, ID: 4.348, Tri: 1.601, CMCon: 2.972, CMProto: 0.092, Orth: 4.999, Struct: 0.001), Acc: 25.391%, Lr: 1.15e-04
2026-07-09 21:58:01 transreid.train INFO: Epoch[70] done. Loss: 9.966 (Base: 4.963, ID: 4.345, Tri: 1.549, CMCon: 2.935, CMProto: 0.091, Orth: 4.999, Struct: 0.004), Acc: 24.609%, Lr: 1.12e-04
The test feature is normalized
=> Computing DistMat with euclidean_distance
2026-07-09 21:58:07 transreid.train INFO: Validation Results - Epoch: 70
2026-07-09 21:58:07 transreid.train INFO: mAP: 12.1%
2026-07-09 21:58:07 transreid.train INFO: CMC curve, Rank-1  : 17.4%
2026-07-09 21:58:07 transreid.train INFO: CMC curve, Rank-5  : 45.1%
2026-07-09 21:58:07 transreid.train INFO: CMC curve, Rank-10 : 58.1%
2026-07-09 21:58:09 transreid.train INFO: Epoch[71] done. Loss: 9.852 (Base: 4.853, ID: 4.338, Tri: 1.467, CMCon: 2.909, CMProto: 0.087, Orth: 4.999, Struct: 0.001), Acc: 23.633%, Lr: 1.08e-04
2026-07-09 21:58:11 transreid.train INFO: Epoch[72] done. Loss: 9.972 (Base: 4.971, ID: 4.333, Tri: 1.555, CMCon: 2.939, CMProto: 0.088, Orth: 4.999, Struct: 0.002), Acc: 25.391%, Lr: 1.04e-04
2026-07-09 21:58:13 transreid.train INFO: Epoch[73] done. Loss: 9.914 (Base: 4.914, ID: 4.328, Tri: 1.540, CMCon: 2.897, CMProto: 0.088, Orth: 4.999, Struct: 0.001), Acc: 28.516%, Lr: 1.00e-04
2026-07-09 21:58:15 transreid.train INFO: Epoch[74] done. Loss: 10.058 (Base: 5.057, ID: 4.336, Tri: 1.617, CMCon: 2.961, CMProto: 0.092, Orth: 4.999, Struct: 0.002), Acc: 22.852%, Lr: 9.67e-05
2026-07-09 21:58:17 transreid.train INFO: Epoch[75] done. Loss: 9.918 (Base: 4.917, ID: 4.332, Tri: 1.516, CMCon: 2.921, CMProto: 0.092, Orth: 4.999, Struct: 0.002), Acc: 25.781%, Lr: 9.30e-05
The test feature is normalized
=> Computing DistMat with euclidean_distance
2026-07-09 21:58:22 transreid.train INFO: Validation Results - Epoch: 75
2026-07-09 21:58:22 transreid.train INFO: mAP: 12.1%
2026-07-09 21:58:22 transreid.train INFO: CMC curve, Rank-1  : 17.1%
2026-07-09 21:58:22 transreid.train INFO: CMC curve, Rank-5  : 44.0%
2026-07-09 21:58:22 transreid.train INFO: CMC curve, Rank-10 : 59.0%
2026-07-09 21:58:24 transreid.train INFO: Epoch[76] done. Loss: 9.993 (Base: 4.993, ID: 4.329, Tri: 1.599, CMCon: 2.915, CMProto: 0.092, Orth: 4.999, Struct: 0.002), Acc: 22.656%, Lr: 8.94e-05
2026-07-09 21:58:26 transreid.train INFO: Epoch[77] done. Loss: 9.955 (Base: 4.955, ID: 4.331, Tri: 1.556, CMCon: 2.921, CMProto: 0.091, Orth: 4.999, Struct: 0.002), Acc: 25.000%, Lr: 8.59e-05
2026-07-09 21:58:28 transreid.train INFO: Epoch[78] done. Loss: 9.856 (Base: 4.856, ID: 4.323, Tri: 1.496, CMCon: 2.883, CMProto: 0.089, Orth: 4.999, Struct: 0.002), Acc: 24.609%, Lr: 8.23e-05
2026-07-09 21:58:30 transreid.train INFO: Epoch[79] done. Loss: 9.998 (Base: 4.997, ID: 4.320, Tri: 1.592, CMCon: 2.928, CMProto: 0.091, Orth: 4.999, Struct: 0.002), Acc: 25.977%, Lr: 7.89e-05
2026-07-09 21:58:32 transreid.train INFO: Epoch[80] done. Loss: 9.951 (Base: 4.951, ID: 4.322, Tri: 1.584, CMCon: 2.891, CMProto: 0.090, Orth: 4.999, Struct: 0.001), Acc: 22.070%, Lr: 7.55e-05
The test feature is normalized
=> Computing DistMat with euclidean_distance
2026-07-09 21:58:37 transreid.train INFO: Validation Results - Epoch: 80
2026-07-09 21:58:37 transreid.train INFO: mAP: 12.1%
2026-07-09 21:58:37 transreid.train INFO: CMC curve, Rank-1  : 17.4%
2026-07-09 21:58:37 transreid.train INFO: CMC curve, Rank-5  : 44.0%
2026-07-09 21:58:37 transreid.train INFO: CMC curve, Rank-10 : 59.5%
2026-07-09 21:58:39 transreid.train INFO: Epoch[81] done. Loss: 9.945 (Base: 4.945, ID: 4.317, Tri: 1.557, CMCon: 2.912, CMProto: 0.090, Orth: 4.999, Struct: 0.002), Acc: 25.781%, Lr: 7.21e-05
2026-07-09 21:58:41 transreid.train INFO: Epoch[82] done. Loss: 9.893 (Base: 4.893, ID: 4.319, Tri: 1.518, CMCon: 2.898, CMProto: 0.090, Orth: 4.999, Struct: 0.001), Acc: 21.875%, Lr: 6.88e-05
2026-07-09 21:58:43 transreid.train INFO: Epoch[83] done. Loss: 9.917 (Base: 4.915, ID: 4.313, Tri: 1.543, CMCon: 2.896, CMProto: 0.089, Orth: 4.999, Struct: 0.004), Acc: 25.391%, Lr: 6.55e-05
2026-07-09 21:58:45 transreid.train INFO: Epoch[84] done. Loss: 9.931 (Base: 4.927, ID: 4.315, Tri: 1.538, CMCon: 2.911, CMProto: 0.092, Orth: 4.999, Struct: 0.006), Acc: 24.805%, Lr: 6.23e-05
2026-07-09 21:58:47 transreid.train INFO: Epoch[85] done. Loss: 9.979 (Base: 4.978, ID: 4.313, Tri: 1.583, CMCon: 2.917, CMProto: 0.094, Orth: 4.999, Struct: 0.001), Acc: 26.367%, Lr: 5.92e-05
The test feature is normalized
=> Computing DistMat with euclidean_distance
2026-07-09 21:58:53 transreid.train INFO: Validation Results - Epoch: 85
2026-07-09 21:58:53 transreid.train INFO: mAP: 12.1%
2026-07-09 21:58:53 transreid.train INFO: CMC curve, Rank-1  : 16.4%
2026-07-09 21:58:53 transreid.train INFO: CMC curve, Rank-5  : 43.5%
2026-07-09 21:58:53 transreid.train INFO: CMC curve, Rank-10 : 59.5%
2026-07-09 21:58:55 transreid.train INFO: Epoch[86] done. Loss: 10.017 (Base: 5.017, ID: 4.315, Tri: 1.611, CMCon: 2.928, CMProto: 0.093, Orth: 4.999, Struct: 0.002), Acc: 22.852%, Lr: 5.61e-05
2026-07-09 21:58:57 transreid.train INFO: Epoch[87] done. Loss: 9.864 (Base: 4.864, ID: 4.310, Tri: 1.518, CMCon: 2.870, CMProto: 0.090, Orth: 4.999, Struct: 0.001), Acc: 25.977%, Lr: 5.31e-05
2026-07-09 21:58:58 transreid.train INFO: Epoch[88] done. Loss: 10.017 (Base: 5.017, ID: 4.313, Tri: 1.617, CMCon: 2.921, CMProto: 0.095, Orth: 4.999, Struct: 0.001), Acc: 24.219%, Lr: 5.01e-05
2026-07-09 21:59:00 transreid.train INFO: Epoch[89] done. Loss: 9.909 (Base: 4.907, ID: 4.313, Tri: 1.539, CMCon: 2.891, CMProto: 0.091, Orth: 4.999, Struct: 0.003), Acc: 24.023%, Lr: 4.73e-05
2026-07-09 21:59:02 transreid.train INFO: Epoch[90] done. Loss: 9.919 (Base: 4.918, ID: 4.306, Tri: 1.551, CMCon: 2.890, CMProto: 0.093, Orth: 4.999, Struct: 0.002), Acc: 25.391%, Lr: 4.44e-05
The test feature is normalized
=> Computing DistMat with euclidean_distance
2026-07-09 21:59:08 transreid.train INFO: Validation Results - Epoch: 90
2026-07-09 21:59:08 transreid.train INFO: mAP: 12.2%
2026-07-09 21:59:08 transreid.train INFO: CMC curve, Rank-1  : 17.1%
2026-07-09 21:59:08 transreid.train INFO: CMC curve, Rank-5  : 43.8%
2026-07-09 21:59:08 transreid.train INFO: CMC curve, Rank-10 : 59.7%
2026-07-09 21:59:10 transreid.train INFO: Epoch[91] done. Loss: 9.847 (Base: 4.846, ID: 4.300, Tri: 1.504, CMCon: 2.866, CMProto: 0.091, Orth: 4.999, Struct: 0.002), Acc: 25.977%, Lr: 4.17e-05
2026-07-09 21:59:12 transreid.train INFO: Epoch[92] done. Loss: 9.927 (Base: 4.926, ID: 4.303, Tri: 1.569, CMCon: 2.882, CMProto: 0.090, Orth: 4.999, Struct: 0.001), Acc: 25.586%, Lr: 3.91e-05
2026-07-09 21:59:14 transreid.train INFO: Epoch[93] done. Loss: 9.951 (Base: 4.951, ID: 4.315, Tri: 1.572, CMCon: 2.902, CMProto: 0.091, Orth: 4.999, Struct: 0.001), Acc: 23.633%, Lr: 3.65e-05
2026-07-09 21:59:16 transreid.train INFO: Epoch[94] done. Loss: 9.865 (Base: 4.858, ID: 4.301, Tri: 1.503, CMCon: 2.880, CMProto: 0.092, Orth: 4.999, Struct: 0.007), Acc: 25.391%, Lr: 3.40e-05
2026-07-09 21:59:18 transreid.train INFO: Epoch[95] done. Loss: 9.869 (Base: 4.868, ID: 4.298, Tri: 1.511, CMCon: 2.883, CMProto: 0.089, Orth: 4.999, Struct: 0.002), Acc: 25.391%, Lr: 3.15e-05
The test feature is normalized
=> Computing DistMat with euclidean_distance
2026-07-09 21:59:23 transreid.train INFO: Validation Results - Epoch: 95
2026-07-09 21:59:23 transreid.train INFO: mAP: 12.2%
2026-07-09 21:59:23 transreid.train INFO: CMC curve, Rank-1  : 17.1%
2026-07-09 21:59:23 transreid.train INFO: CMC curve, Rank-5  : 44.9%
2026-07-09 21:59:23 transreid.train INFO: CMC curve, Rank-10 : 60.2%
2026-07-09 21:59:25 transreid.train INFO: Epoch[96] done. Loss: 9.928 (Base: 4.925, ID: 4.300, Tri: 1.555, CMCon: 2.893, CMProto: 0.094, Orth: 4.999, Struct: 0.004), Acc: 26.953%, Lr: 2.92e-05
2026-07-09 21:59:27 transreid.train INFO: Epoch[97] done. Loss: 9.856 (Base: 4.856, ID: 4.302, Tri: 1.507, CMCon: 2.873, CMProto: 0.091, Orth: 4.999, Struct: 0.002), Acc: 24.219%, Lr: 2.69e-05
2026-07-09 21:59:29 transreid.train INFO: Epoch[98] done. Loss: 9.895 (Base: 4.894, ID: 4.308, Tri: 1.519, CMCon: 2.898, CMProto: 0.092, Orth: 4.999, Struct: 0.003), Acc: 24.414%, Lr: 2.48e-05
2026-07-09 21:59:31 transreid.train INFO: Epoch[99] done. Loss: 9.898 (Base: 4.898, ID: 4.301, Tri: 1.538, CMCon: 2.884, CMProto: 0.092, Orth: 4.999, Struct: 0.002), Acc: 25.781%, Lr: 2.27e-05
2026-07-09 21:59:33 transreid.train INFO: Epoch[100] done. Loss: 9.863 (Base: 4.861, ID: 4.299, Tri: 1.529, CMCon: 2.856, CMProto: 0.090, Orth: 4.999, Struct: 0.004), Acc: 23.438%, Lr: 2.07e-05
The test feature is normalized
=> Computing DistMat with euclidean_distance
2026-07-09 21:59:38 transreid.train INFO: Validation Results - Epoch: 100
2026-07-09 21:59:38 transreid.train INFO: mAP: 12.2%
2026-07-09 21:59:38 transreid.train INFO: CMC curve, Rank-1  : 16.9%
2026-07-09 21:59:38 transreid.train INFO: CMC curve, Rank-5  : 44.2%
2026-07-09 21:59:38 transreid.train INFO: CMC curve, Rank-10 : 59.3%
2026-07-09 21:59:40 transreid.train INFO: Epoch[101] done. Loss: 9.871 (Base: 4.871, ID: 4.307, Tri: 1.500, CMCon: 2.895, CMProto: 0.090, Orth: 4.999, Struct: 0.002), Acc: 23.438%, Lr: 1.87e-05
2026-07-09 21:59:42 transreid.train INFO: Epoch[102] done. Loss: 9.827 (Base: 4.825, ID: 4.297, Tri: 1.498, CMCon: 2.852, CMProto: 0.091, Orth: 4.999, Struct: 0.003), Acc: 25.586%, Lr: 1.69e-05
2026-07-09 21:59:44 transreid.train INFO: Epoch[103] done. Loss: 9.882 (Base: 4.881, ID: 4.297, Tri: 1.522, CMCon: 2.883, CMProto: 0.092, Orth: 4.999, Struct: 0.002), Acc: 24.609%, Lr: 1.52e-05
2026-07-09 21:59:46 transreid.train INFO: Epoch[104] done. Loss: 9.821 (Base: 4.821, ID: 4.309, Tri: 1.473, CMCon: 2.871, CMProto: 0.090, Orth: 4.999, Struct: 0.002), Acc: 24.023%, Lr: 1.35e-05
2026-07-09 21:59:48 transreid.train INFO: Epoch[105] done. Loss: 9.918 (Base: 4.916, ID: 4.304, Tri: 1.556, CMCon: 2.884, CMProto: 0.090, Orth: 4.999, Struct: 0.004), Acc: 26.562%, Lr: 1.20e-05
The test feature is normalized
=> Computing DistMat with euclidean_distance
2026-07-09 21:59:54 transreid.train INFO: Validation Results - Epoch: 105
2026-07-09 21:59:54 transreid.train INFO: mAP: 12.2%
2026-07-09 21:59:54 transreid.train INFO: CMC curve, Rank-1  : 17.4%
2026-07-09 21:59:54 transreid.train INFO: CMC curve, Rank-5  : 44.4%
2026-07-09 21:59:54 transreid.train INFO: CMC curve, Rank-10 : 59.5%
2026-07-09 21:59:56 transreid.train INFO: Epoch[106] done. Loss: 9.769 (Base: 4.768, ID: 4.300, Tri: 1.437, CMCon: 2.857, CMProto: 0.088, Orth: 4.999, Struct: 0.002), Acc: 23.438%, Lr: 1.05e-05
2026-07-09 21:59:57 transreid.train INFO: Epoch[107] done. Loss: 9.880 (Base: 4.879, ID: 4.294, Tri: 1.537, CMCon: 2.867, CMProto: 0.091, Orth: 4.999, Struct: 0.002), Acc: 24.805%, Lr: 9.19e-06
2026-07-09 21:59:59 transreid.train INFO: Epoch[108] done. Loss: 9.865 (Base: 4.864, ID: 4.305, Tri: 1.494, CMCon: 2.893, CMProto: 0.093, Orth: 4.999, Struct: 0.002), Acc: 24.414%, Lr: 7.93e-06
2026-07-09 22:00:01 transreid.train INFO: Epoch[109] done. Loss: 9.891 (Base: 4.890, ID: 4.293, Tri: 1.544, CMCon: 2.872, CMProto: 0.090, Orth: 4.999, Struct: 0.002), Acc: 25.391%, Lr: 6.76e-06
2026-07-09 22:00:03 transreid.train INFO: Epoch[110] done. Loss: 9.839 (Base: 4.838, ID: 4.296, Tri: 1.498, CMCon: 2.863, CMProto: 0.093, Orth: 4.999, Struct: 0.002), Acc: 25.391%, Lr: 5.70e-06
The test feature is normalized
=> Computing DistMat with euclidean_distance
2026-07-09 22:00:09 transreid.train INFO: Validation Results - Epoch: 110
2026-07-09 22:00:09 transreid.train INFO: mAP: 12.2%
2026-07-09 22:00:09 transreid.train INFO: CMC curve, Rank-1  : 16.9%
2026-07-09 22:00:09 transreid.train INFO: CMC curve, Rank-5  : 44.2%
2026-07-09 22:00:09 transreid.train INFO: CMC curve, Rank-10 : 59.7%
2026-07-09 22:00:11 transreid.train INFO: Epoch[111] done. Loss: 9.853 (Base: 4.851, ID: 4.291, Tri: 1.537, CMCon: 2.840, CMProto: 0.091, Orth: 4.999, Struct: 0.003), Acc: 27.344%, Lr: 4.74e-06
2026-07-09 22:00:13 transreid.train INFO: Epoch[112] done. Loss: 9.884 (Base: 4.882, ID: 4.304, Tri: 1.515, CMCon: 2.891, CMProto: 0.093, Orth: 4.999, Struct: 0.002), Acc: 23.047%, Lr: 3.87e-06
2026-07-09 22:00:15 transreid.train INFO: Epoch[113] done. Loss: 9.870 (Base: 4.871, ID: 4.300, Tri: 1.510, CMCon: 2.884, CMProto: 0.094, Orth: 4.999, Struct: 0.001), Acc: 25.000%, Lr: 3.11e-06
2026-07-09 22:00:17 transreid.train INFO: Epoch[114] done. Loss: 9.896 (Base: 4.895, ID: 4.302, Tri: 1.537, CMCon: 2.883, CMProto: 0.089, Orth: 4.999, Struct: 0.002), Acc: 24.023%, Lr: 2.44e-06
2026-07-09 22:00:19 transreid.train INFO: Epoch[115] done. Loss: 9.996 (Base: 4.995, ID: 4.304, Tri: 1.598, CMCon: 2.920, CMProto: 0.095, Orth: 4.999, Struct: 0.003), Acc: 24.023%, Lr: 1.88e-06
The test feature is normalized
=> Computing DistMat with euclidean_distance
2026-07-09 22:00:24 transreid.train INFO: Validation Results - Epoch: 115
2026-07-09 22:00:24 transreid.train INFO: mAP: 12.2%
2026-07-09 22:00:24 transreid.train INFO: CMC curve, Rank-1  : 16.9%
2026-07-09 22:00:24 transreid.train INFO: CMC curve, Rank-5  : 44.2%
2026-07-09 22:00:24 transreid.train INFO: CMC curve, Rank-10 : 59.5%
2026-07-09 22:00:26 transreid.train INFO: Epoch[116] done. Loss: 9.829 (Base: 4.829, ID: 4.293, Tri: 1.504, CMCon: 2.850, CMProto: 0.092, Orth: 4.999, Struct: 0.001), Acc: 25.586%, Lr: 1.42e-06
2026-07-09 22:00:28 transreid.train INFO: Epoch[117] done. Loss: 9.869 (Base: 4.868, ID: 4.294, Tri: 1.523, CMCon: 2.868, CMProto: 0.093, Orth: 4.999, Struct: 0.002), Acc: 26.758%, Lr: 1.06e-06
2026-07-09 22:00:30 transreid.train INFO: Epoch[118] done. Loss: 9.793 (Base: 4.792, ID: 4.297, Tri: 1.474, CMCon: 2.843, CMProto: 0.091, Orth: 4.999, Struct: 0.002), Acc: 25.781%, Lr: 8.05e-07
2026-07-09 22:00:32 transreid.train INFO: Epoch[119] done. Loss: 9.950 (Base: 4.950, ID: 4.298, Tri: 1.573, CMCon: 2.901, CMProto: 0.092, Orth: 4.999, Struct: 0.002), Acc: 22.656%, Lr: 6.51e-07
2026-07-09 22:00:34 transreid.train INFO: Epoch[120] done. Loss: 9.859 (Base: 4.855, ID: 4.302, Tri: 1.514, CMCon: 2.864, CMProto: 0.092, Orth: 4.999, Struct: 0.005), Acc: 25.586%, Lr: 6.00e-07
The test feature is normalized
=> Computing DistMat with euclidean_distance
2026-07-09 22:00:40 transreid.train INFO: Validation Results - Epoch: 120
2026-07-09 22:00:40 transreid.train INFO: mAP: 12.2%
2026-07-09 22:00:40 transreid.train INFO: CMC curve, Rank-1  : 16.9%
2026-07-09 22:00:40 transreid.train INFO: CMC curve, Rank-5  : 44.2%
2026-07-09 22:00:40 transreid.train INFO: CMC curve, Rank-10 : 59.3%
2026-07-09 22:00:40 transreid.train INFO: ==================================================
2026-07-09 22:00:40 transreid.train INFO: Training Finished! Best Validation Metrics:
2026-07-09 22:00:40 transreid.train INFO: Best mAP: 12.3% (at Epoch 15)
2026-07-09 22:00:40 transreid.train INFO: Corresponding Rank-1: 16.4%
2026-07-09 22:00:40 transreid.train INFO: Corresponding Rank-5: 41.9%
2026-07-09 22:00:40 transreid.train INFO: Corresponding Rank-10: 56.2%
2026-07-09 22:00:40 transreid.train INFO: Best Weights Saved at: ./logs/SDF-Net_Multi_Paired/best.pth
2026-07-09 22:00:40 transreid.train INFO: ==================================================
